Archive member included to satisfy reference by file (symbol)

b:/arm course/03- imt sdk/imt_sdk_win_64/winarm/armgcc/bin/../lib/gcc/arm-none-eabi/7.2.1/../../../../arm-none-eabi/lib/thumb/v7-m\libg_nano.a(lib_a-errno.o)
                              ./system/src/newlib/_sbrk.o (__errno)
b:/arm course/03- imt sdk/imt_sdk_win_64/winarm/armgcc/bin/../lib/gcc/arm-none-eabi/7.2.1/../../../../arm-none-eabi/lib/thumb/v7-m\libg_nano.a(lib_a-impure.o)
                              b:/arm course/03- imt sdk/imt_sdk_win_64/winarm/armgcc/bin/../lib/gcc/arm-none-eabi/7.2.1/../../../../arm-none-eabi/lib/thumb/v7-m\libg_nano.a(lib_a-errno.o) (_impure_ptr)
b:/arm course/03- imt sdk/imt_sdk_win_64/winarm/armgcc/bin/../lib/gcc/arm-none-eabi/7.2.1/../../../../arm-none-eabi/lib/thumb/v7-m\libg_nano.a(lib_a-strlen.o)
                              ./system/src/diag/Trace.o (strlen)
b:/arm course/03- imt sdk/imt_sdk_win_64/winarm/armgcc/bin/../lib/gcc/arm-none-eabi/7.2.1/../../../../arm-none-eabi/lib/thumb/v7-m\libg_nano.a(lib_a-vsnprintf.o)
                              ./system/src/diag/Trace.o (vsnprintf)
b:/arm course/03- imt sdk/imt_sdk_win_64/winarm/armgcc/bin/../lib/gcc/arm-none-eabi/7.2.1/../../../../arm-none-eabi/lib/thumb/v7-m\libg_nano.a(lib_a-nano-svfprintf.o)
                              b:/arm course/03- imt sdk/imt_sdk_win_64/winarm/armgcc/bin/../lib/gcc/arm-none-eabi/7.2.1/../../../../arm-none-eabi/lib/thumb/v7-m\libg_nano.a(lib_a-vsnprintf.o) (_svfprintf_r)
b:/arm course/03- imt sdk/imt_sdk_win_64/winarm/armgcc/bin/../lib/gcc/arm-none-eabi/7.2.1/../../../../arm-none-eabi/lib/thumb/v7-m\libg_nano.a(lib_a-nano-vfprintf_i.o)
                              b:/arm course/03- imt sdk/imt_sdk_win_64/winarm/armgcc/bin/../lib/gcc/arm-none-eabi/7.2.1/../../../../arm-none-eabi/lib/thumb/v7-m\libg_nano.a(lib_a-nano-svfprintf.o) (_printf_i)
b:/arm course/03- imt sdk/imt_sdk_win_64/winarm/armgcc/bin/../lib/gcc/arm-none-eabi/7.2.1/../../../../arm-none-eabi/lib/thumb/v7-m\libg_nano.a(lib_a-memchr-stub.o)
                              b:/arm course/03- imt sdk/imt_sdk_win_64/winarm/armgcc/bin/../lib/gcc/arm-none-eabi/7.2.1/../../../../arm-none-eabi/lib/thumb/v7-m\libg_nano.a(lib_a-nano-svfprintf.o) (memchr)
b:/arm course/03- imt sdk/imt_sdk_win_64/winarm/armgcc/bin/../lib/gcc/arm-none-eabi/7.2.1/../../../../arm-none-eabi/lib/thumb/v7-m\libg_nano.a(lib_a-memcpy-stub.o)
                              b:/arm course/03- imt sdk/imt_sdk_win_64/winarm/armgcc/bin/../lib/gcc/arm-none-eabi/7.2.1/../../../../arm-none-eabi/lib/thumb/v7-m\libg_nano.a(lib_a-nano-svfprintf.o) (memcpy)
b:/arm course/03- imt sdk/imt_sdk_win_64/winarm/armgcc/bin/../lib/gcc/arm-none-eabi/7.2.1/../../../../arm-none-eabi/lib/thumb/v7-m\libg_nano.a(lib_a-memmove.o)
                              b:/arm course/03- imt sdk/imt_sdk_win_64/winarm/armgcc/bin/../lib/gcc/arm-none-eabi/7.2.1/../../../../arm-none-eabi/lib/thumb/v7-m\libg_nano.a(lib_a-nano-svfprintf.o) (memmove)
b:/arm course/03- imt sdk/imt_sdk_win_64/winarm/armgcc/bin/../lib/gcc/arm-none-eabi/7.2.1/../../../../arm-none-eabi/lib/thumb/v7-m\libg_nano.a(lib_a-nano-freer.o)
                              b:/arm course/03- imt sdk/imt_sdk_win_64/winarm/armgcc/bin/../lib/gcc/arm-none-eabi/7.2.1/../../../../arm-none-eabi/lib/thumb/v7-m\libg_nano.a(lib_a-nano-svfprintf.o) (_free_r)
b:/arm course/03- imt sdk/imt_sdk_win_64/winarm/armgcc/bin/../lib/gcc/arm-none-eabi/7.2.1/../../../../arm-none-eabi/lib/thumb/v7-m\libg_nano.a(lib_a-nano-mallocr.o)
                              b:/arm course/03- imt sdk/imt_sdk_win_64/winarm/armgcc/bin/../lib/gcc/arm-none-eabi/7.2.1/../../../../arm-none-eabi/lib/thumb/v7-m\libg_nano.a(lib_a-nano-svfprintf.o) (_malloc_r)
b:/arm course/03- imt sdk/imt_sdk_win_64/winarm/armgcc/bin/../lib/gcc/arm-none-eabi/7.2.1/../../../../arm-none-eabi/lib/thumb/v7-m\libg_nano.a(lib_a-nano-reallocr.o)
                              b:/arm course/03- imt sdk/imt_sdk_win_64/winarm/armgcc/bin/../lib/gcc/arm-none-eabi/7.2.1/../../../../arm-none-eabi/lib/thumb/v7-m\libg_nano.a(lib_a-nano-svfprintf.o) (_realloc_r)
b:/arm course/03- imt sdk/imt_sdk_win_64/winarm/armgcc/bin/../lib/gcc/arm-none-eabi/7.2.1/../../../../arm-none-eabi/lib/thumb/v7-m\libg_nano.a(lib_a-sbrkr.o)
                              b:/arm course/03- imt sdk/imt_sdk_win_64/winarm/armgcc/bin/../lib/gcc/arm-none-eabi/7.2.1/../../../../arm-none-eabi/lib/thumb/v7-m\libg_nano.a(lib_a-nano-mallocr.o) (_sbrk_r)
b:/arm course/03- imt sdk/imt_sdk_win_64/winarm/armgcc/bin/../lib/gcc/arm-none-eabi/7.2.1/../../../../arm-none-eabi/lib/thumb/v7-m\libg_nano.a(lib_a-mlock.o)
                              b:/arm course/03- imt sdk/imt_sdk_win_64/winarm/armgcc/bin/../lib/gcc/arm-none-eabi/7.2.1/../../../../arm-none-eabi/lib/thumb/v7-m\libg_nano.a(lib_a-nano-freer.o) (__malloc_lock)
b:/arm course/03- imt sdk/imt_sdk_win_64/winarm/armgcc/bin/../lib/gcc/arm-none-eabi/7.2.1/../../../../arm-none-eabi/lib/thumb/v7-m\libg_nano.a(lib_a-nano-msizer.o)
[...]
Memory Configuration

Name             Origin             Length             Attributes
RAM              0x20000000         0x00005000         xrw
CCMRAM           0x00000000         0x00000000         xrw
FLASH            0x08000000         0x00010000         xr
FLASHB1          0x00000000         0x00000000         xr
EXTMEMB0         0x00000000         0x00000000         xr
EXTMEMB1         0x00000000         0x00000000         xr
EXTMEMB2         0x00000000         0x00000000         xr
EXTMEMB3         0x00000000         0x00000000         xr
MEMORY_ARRAY     0x00000000         0x00000000         xrw
*default*        0x00000000         0xffffffff

Linker script and memory map

LOAD ./system/src/stm32f1-stdperiph/misc.o
LOAD ./system/src/stm32f1-stdperiph/stm32f10x_gpio.o
LOAD ./system/src/stm32f1-stdperiph/stm32f10x_rcc.o
LOAD ./system/src/newlib/_cxx.o
LOAD ./system/src/newlib/_exit.o
LOAD ./system/src/newlib/_sbrk.o
LOAD ./system/src/newlib/_startup.o
LOAD ./system/src/newlib/_syscalls.o
LOAD ./system/src/newlib/assert.o
LOAD ./system/src/diag/Trace.o
LOAD ./system/src/diag/trace_impl.o
LOAD ./system/src/cortexm/_initialize_hardware.o
LOAD ./system/src/cortexm/_reset_hardware.o
LOAD ./system/src/cortexm/exception_handlers.o
LOAD ./system/src/cmsis/system_stm32f10x.o
LOAD ./system/src/cmsis/vectors_stm32f10x.o
LOAD ./src/ESP8266_PROG.o
LOAD ./src/GPIO_PROG.o
LOAD ./src/NVIC_PROG.o
LOAD ./src/RCC_PROG.o
LOAD ./src/SYSTICK_PROG.o
LOAD ./src/UART_PROG.o
LOAD ./src/main.o
LOAD b:/arm course/03- imt sdk/imt_sdk_win_64/winarm/armgcc/bin/../lib/gcc/arm-none-eabi/7.2.1/../../../../arm-none-eabi/lib/thumb/v7-m\libstdc++_nano.a
LOAD b:/arm course/03- imt sdk/imt_sdk_win_64/winarm/armgcc/bin/../lib/gcc/arm-none-eabi/7.2.1/../../../../arm-none-eabi/lib/thumb/v7-m\libm.a
START GROUP
LOAD b:/arm course/03- imt sdk/imt_sdk_win_64/winarm/armgcc/bin/../lib/gcc/arm-none-eabi/7.2.1/thumb/v7-m\libgcc.a
LOAD b:/arm course/03- imt sdk/imt_sdk_win_64/winarm/armgcc/bin/../lib/gcc/arm-none-eabi/7.2.1/../../../../arm-none-eabi/lib/thumb/v7-m\libg_nano.a
LOAD b:/arm course/03- imt sdk/imt_sdk_win_64/winarm/armgcc/bin/../lib/gcc/arm-none-eabi/7.2.1/../../../../arm-none-eabi/lib/thumb/v7-m\libc_nano.a
END GROUP
START GROUP
LOAD b:/arm course/03- imt sdk/imt_sdk_win_64/winarm/armgcc/bin/../lib/gcc/arm-none-eabi/7.2.1/thumb/v7-m\libgcc.a
LOAD b:/arm course/03- imt sdk/imt_sdk_win_64/winarm/armgcc/bin/../lib/gcc/arm-none-eabi/7.2.1/../../../../arm-none-eabi/lib/thumb/v7-m\libc_nano.a
END GROUP
                0x20005000                __stack = (ORIGIN (RAM) + LENGTH (RAM))
                0x20005000                _estack = __stack
                0x00000400                __Main_Stack_Size = 0x400
                [!provide]                PROVIDE (_Main_Stack_Size, __Main_Stack_Size)
                0x20004c00                __Main_Stack_Limit = (__stack - __Main_Stack_Size)
                [!provide]                PROVIDE (_Main_Stack_Limit, __Main_Stack_Limit)
                0x00000100                _Minimum_Stack_Size = 0x100
                0x200001fc                PROVIDE (_Heap_Begin, _end_noinit)
                0x20004c00                PROVIDE (_Heap_Limit, (__stack - __Main_Stack_Size))

.isr_vector     0x08000000      0x350
 FILL mask 0xff
                0x08000000                __vectors_start = ABSOLUTE (.)
                0x08000000                __vectors_start__ = ABSOLUTE (.)
 *(.isr_vector)
 .isr_vector    0x08000000      0x10c ./system/src/cmsis/vectors_stm32f10x.o
                0x08000000                __isr_vectors
 *(.cfmconfig)
 *(.after_vectors .after_vectors.*)
 .after_vectors
                0x0800010c      0x114 ./system/src/newlib/_startup.o
                0x0800010c                _start
 .after_vectors
                0x08000220      0x12c ./system/src/cortexm/exception_handlers.o
                0x08000220                Reset_Handler
                0x08000226                NMI_Handler
                0x0800022a                HardFault_Handler
                0x0800023e                HardFault_Handler_C
                0x0800029c                MemManage_Handler
                0x080002a0                BusFault_Handler
                0x080002b4                BusFault_Handler_C
                0x080002e8                UsageFault_Handler
                0x080002fc                UsageFault_Handler_C
                0x08000330                SVC_Handler
                0x08000334                DebugMon_Handler
                0x08000338                PendSV_Handler
 .after_vectors
                0x0800034c        0x4 ./system/src/cmsis/vectors_stm32f10x.o
                0x0800034c                EXTI2_IRQHandler
                0x0800034c                TIM8_TRG_COM_IRQHandler
                0x0800034c                TIM8_CC_IRQHandler
                0x0800034c                TIM1_CC_IRQHandler
                0x0800034c                TIM6_IRQHandler
                0x0800034c                PVD_IRQHandler
                0x0800034c                SDIO_IRQHandler
                0x0800034c                CAN2_RX1_IRQHandler
                0x0800034c                EXTI3_IRQHandler
                0x0800034c                TIM8_TRG_COM_TIM14_IRQHandler
                0x0800034c                TIM1_UP_TIM10_IRQHandler
                0x0800034c                TIM8_UP_TIM13_IRQHandler
                0x0800034c                EXTI0_IRQHandler
                0x0800034c                I2C2_EV_IRQHandler
                0x0800034c                CAN1_RX0_IRQHandler
                0x0800034c                TIM1_UP_TIM16_IRQHandler
                0x0800034c                CAN2_SCE_IRQHandler
                0x0800034c                ADC1_2_IRQHandler
                0x0800034c                SPI1_IRQHandler
                0x0800034c                TAMPER_IRQHandler
                0x0800034c                TIM6_DAC_IRQHandler
                0x0800034c                TIM1_BRK_TIM9_IRQHandler
                0x0800034c                CAN2_RX0_IRQHandler
                0x0800034c                TIM8_UP_IRQHandler
                0x0800034c                DMA2_Channel2_IRQHandler
                0x0800034c                DMA1_Channel4_IRQHandler
                0x0800034c                USART3_IRQHandler
                0x0800034c                RTC_IRQHandler
                0x0800034c                DMA1_Channel7_IRQHandler
                0x0800034c                CAN1_RX1_IRQHandler
                0x0800034c                UART5_IRQHandler
                0x0800034c                ADC3_IRQHandler
                0x0800034c                TIM4_IRQHandler
                0x0800034c                DMA2_Channel1_IRQHandler
                0x0800034c                I2C1_EV_IRQHandler
                0x0800034c                DMA1_Channel6_IRQHandler
                0x0800034c                UART4_IRQHandler
                0x0800034c                DMA2_Channel4_IRQHandler
                0x0800034c                TIM3_IRQHandler
                0x0800034c                RCC_IRQHandler
                0x0800034c                TIM8_BRK_TIM12_IRQHandler
                0x0800034c                TIM1_TRG_COM_IRQHandler
                0x0800034c                DMA1_Channel1_IRQHandler
                0x0800034c                Default_Handler
                0x0800034c                CEC_IRQHandler
                0x0800034c                EXTI15_10_IRQHandler
                0x0800034c                TIM14_IRQHandler
                0x0800034c                TIM13_IRQHandler
                0x0800034c                TIM12_IRQHandler
                0x0800034c                TIM7_IRQHandler
                0x0800034c                CAN2_TX_IRQHandler
                0x0800034c                TIM5_IRQHandler
                0x0800034c                EXTI9_5_IRQHandler
                0x0800034c                ETH_WKUP_IRQHandler
                0x0800034c                SPI2_IRQHandler
                0x0800034c                CAN1_TX_IRQHandler
                0x0800034c                DMA2_Channel5_IRQHandler
                0x0800034c                DMA1_Channel5_IRQHandler
                0x0800034c                EXTI4_IRQHandler
                0x0800034c                USB_LP_CAN1_RX0_IRQHandler
                0x0800034c                TIM1_TRG_COM_TIM17_IRQHandler
                0x0800034c                USB_HP_CAN1_TX_IRQHandler
                0x0800034c                DMA1_Channel3_IRQHandler
                0x0800034c                FSMC_IRQHandler
                0x0800034c                ETH_IRQHandler
                0x0800034c                TIM1_UP_IRQHandler
                0x0800034c                WWDG_IRQHandler
                0x0800034c                TIM2_IRQHandler
                0x0800034c                OTG_FS_WKUP_IRQHandler
                0x0800034c                TIM1_TRG_COM_TIM11_IRQHandler
                0x0800034c                TIM1_BRK_IRQHandler
                0x0800034c                EXTI1_IRQHandler
                0x0800034c                RTCAlarm_IRQHandler
                0x0800034c                DMA2_Channel4_5_IRQHandler
                0x0800034c                USART2_IRQHandler
                0x0800034c                I2C2_ER_IRQHandler
                0x0800034c                DMA1_Channel2_IRQHandler
                0x0800034c                TIM8_BRK_IRQHandler
                0x0800034c                CAN1_SCE_IRQHandler
                0x0800034c                FLASH_IRQHandler
                0x0800034c                OTG_FS_IRQHandler
                0x0800034c                SPI3_IRQHandler
                0x0800034c                I2C1_ER_IRQHandler
                0x0800034c                USBWakeUp_IRQHandler
                0x0800034c                DMA2_Channel3_IRQHandler
                0x0800034c                TIM1_BRK_TIM15_IRQHandler

.inits          0x08000350       0x28
                0x08000350                __data_regions_array_start = .
                0x08000350        0x4 LONG 0x80018ac LOADADDR (.data)
                0x08000354        0x4 LONG 0x20000000 ADDR (.data)
                0x08000358        0x4 LONG 0x20000088 (ADDR (.data) + SIZEOF (.data))
                0x0800035c        0x4 LONG 0x80018ac LOADADDR (.data_CCMRAM)
                0x08000360        0x4 LONG 0x0 ADDR (.data_CCMRAM)
                0x08000364        0x4 LONG 0x0 (ADDR (.data_CCMRAM) + SIZEOF (.data_CCMRAM))
                0x08000368                __data_regions_array_end = .
                0x08000368                __bss_regions_array_start = .
                0x08000368        0x4 LONG 0x20000088 ADDR (.bss)
                0x0800036c        0x4 LONG 0x200001fc (ADDR (.bss) + SIZEOF (.bss))
                0x08000370        0x4 LONG 0x0 ADDR (.bss_CCMRAM)
                0x08000374        0x4 LONG 0x0 (ADDR (.bss_CCMRAM) + SIZEOF (.bss_CCMRAM))
                0x08000378                __bss_regions_array_end = .
 *(.init)
 *(.fini)
                0x08000378                . = ALIGN (0x4)
                0x08000378                PROVIDE (__preinit_array_start, .)
 *(.preinit_array_sysinit .preinit_array_sysinit.*)
 *(.preinit_array_platform .preinit_array_platform.*)
 *(.preinit_array .preinit_array.*)
                0x08000378                PROVIDE (__preinit_array_end, .)
                0x08000378                . = ALIGN (0x4)
                0x08000378                PROVIDE (__init_array_start, .)
 *(SORT_BY_NAME(.init_array.*))
 *(.init_array)
                0x08000378                PROVIDE (__init_array_end, .)
                0x08000378                . = ALIGN (0x4)
                0x08000378                PROVIDE (__fini_array_start, .)
 *(SORT_BY_NAME(.fini_array.*))
 *(.fini_array)
                0x08000378                PROVIDE (__fini_array_end, .)

.flashtext
 *(.flashtext .flashtext.*)

.text           0x08000378     0x1533
 *(.text .text.*)
 .text._exit    0x08000378        0x2 ./system/src/newlib/_exit.o
                0x08000378                _exit
 *fill*         0x0800037a        0x2 
 .text._sbrk    0x0800037c       0x44 ./system/src/newlib/_sbrk.o
                0x0800037c                _sbrk
 .text.__initialize_args
                0x080003c0       0x10 ./system/src/newlib/_syscalls.o
                0x080003c0                __initialize_args
 .text.trace_printf
                0x080003d0       0x30 ./system/src/diag/Trace.o
                0x080003d0                trace_printf
 .text._trace_write_semihosting_debug
                0x08000400       0x60 ./system/src/diag/trace_impl.o
 .text.trace_write
                0x08000460        0x8 ./system/src/diag/trace_impl.o
                0x08000460                trace_write
 .text.__initialize_hardware_early
                0x08000468       0x18 ./system/src/cortexm/_initialize_hardware.o
                0x08000468                __initialize_hardware_early
 .text.__initialize_hardware
                0x08000480        0x8 ./system/src/cortexm/_initialize_hardware.o
                0x08000480                __initialize_hardware
 .text.dumpExceptionStack
                0x08000488       0xf4 ./system/src/cortexm/exception_handlers.o
                0x08000488                dumpExceptionStack
 .text.isSemihosting
                0x0800057c       0x20 ./system/src/cortexm/exception_handlers.o
                0x0800057c                isSemihosting
 .text.SetSysClockTo72
                0x0800059c       0xc4 ./system/src/cmsis/system_stm32f10x.o
 .text.SetSysClock
                0x08000660        0x8 ./system/src/cmsis/system_stm32f10x.o
 .text.SystemInit
                0x08000668       0x50 ./system/src/cmsis/system_stm32f10x.o
                0x08000668                SystemInit
 .text.SystemCoreClockUpdate
                0x080006b8       0x94 ./system/src/cmsis/system_stm32f10x.o
                0x080006b8                SystemCoreClockUpdate
 .text.USART_CallBack
                0x0800074c       0x28 ./src/ESP8266_PROG.o
                0x0800074c                USART_CallBack
 .text.ESP8266_VidClearBuffer
                0x08000774       0x20 ./src/ESP8266_PROG.o
                0x08000774                ESP8266_VidClearBuffer
 .text.ESP8266_VidInit
                0x08000794       0x4c ./src/ESP8266_PROG.o
                0x08000794                ESP8266_VidInit
 .text.ESP8266_VidConnectToWiFi
                0x080007e0       0x40 ./src/ESP8266_PROG.o
                0x080007e0                ESP8266_VidConnectToWiFi
 .text.ESP8266_VidConnectToSrvTcp
                0x08000820       0x40 ./src/ESP8266_PROG.o
                0x08000820                ESP8266_VidConnectToSrvTcp
 .text.ESP8266_u8ReceiveHttpReq
                0x08000860       0x74 ./src/ESP8266_PROG.o
                0x08000860                ESP8266_u8ReceiveHttpReq
 .text.GPIO_ErrorStatusIntialization
                0x080008d4        0xe ./src/GPIO_PROG.o
                0x080008d4                GPIO_ErrorStatusIntialization
 *fill*         0x080008e2        0x2 
 .text.GPIO_ErrorStatusSetPinMode
                0x080008e4      0x120 ./src/GPIO_PROG.o
                0x080008e4                GPIO_ErrorStatusSetPinMode
 .text.GPIO_ErrorStatusSetPinValue
                0x08000a04       0xb8 ./src/GPIO_PROG.o
                0x08000a04                GPIO_ErrorStatusSetPinValue
 .text.NVIC_ErrorStatusEnable
                0x08000abc       0x22 ./src/NVIC_PROG.o
                0x08000abc                NVIC_ErrorStatusEnable
 *fill*         0x08000ade        0x2 
 .text.RCC_vidSetClkSource
                0x08000ae0       0x50 ./src/RCC_PROG.o
                0x08000ae0                RCC_vidSetClkSource
 .text.RCC_vidSetPeripheralclock
                0x08000b30       0x6c ./src/RCC_PROG.o
                0x08000b30                RCC_vidSetPeripheralclock
 .text.RCC_vidSetClkStatus
                0x08000b9c       0x70 ./src/RCC_PROG.o
                0x08000b9c                RCC_vidSetClkStatus
 .text.RCC_vidClkInit
                0x08000c0c       0x2c ./src/RCC_PROG.o
                0x08000c0c                RCC_vidClkInit
 .text.SYSTICk_ErrorStatusConfig
                0x08000c38       0x1c ./src/SYSTICK_PROG.o
                0x08000c38                SYSTICk_ErrorStatusConfig
 .text.SYSTICK_voidSetBusyWait
                0x08000c54       0x34 ./src/SYSTICK_PROG.o
                0x08000c54                SYSTICK_voidSetBusyWait
 .text.SysTick_Handler
                0x08000c88       0x38 ./src/SYSTICK_PROG.o
                0x08000c88                SysTick_Handler
 .text.USART1_voidInit
                0x08000cc0       0x38 ./src/UART_PROG.o
                0x08000cc0                USART1_voidInit
 .text.USART1_VidClearFlags
                0x08000cf8        0xc ./src/UART_PROG.o
                0x08000cf8                USART1_VidClearFlags
 .text.USART1_VidSetCallBack
                0x08000d04        0xc ./src/UART_PROG.o
                0x08000d04                USART1_VidSetCallBack
 .text.USART1_IRQHandler
                0x08000d10       0x10 ./src/UART_PROG.o
                0x08000d10                USART1_IRQHandler
 .text.USART1_VidSendCharSync
                0x08000d20       0x20 ./src/UART_PROG.o
                0x08000d20                USART1_VidSendCharSync
 .text.USART1_VidSendStringSynch
                0x08000d40       0x18 ./src/UART_PROG.o
                0x08000d40                USART1_VidSendStringSynch
 .text.USART1_u8ReadDataRegister
                0x08000d58        0xc ./src/UART_PROG.o
                0x08000d58                USART1_u8ReadDataRegister
 .text.main     0x08000d64       0x7c ./src/main.o
                0x08000d64                main
 .text.__errno  0x08000de0        0xc b:/arm course/03- imt sdk/imt_sdk_win_64/winarm/armgcc/bin/../lib/gcc/arm-none-eabi/7.2.1/../../../../arm-none-eabi/lib/thumb/v7-m\libg_nano.a(lib_a-errno.o)
                0x08000de0                __errno
 .text._vsnprintf_r
                0x08000dec       0x58 b:/arm course/03- imt sdk/imt_sdk_win_64/winarm/armgcc/bin/../lib/gcc/arm-none-eabi/7.2.1/../../../../arm-none-eabi/lib/thumb/v7-m\libg_nano.a(lib_a-vsnprintf.o)
                0x08000dec                _vsniprintf_r
                0x08000dec                _vsnprintf_r
 .text.vsnprintf
                0x08000e44       0x1c b:/arm course/03- imt sdk/imt_sdk_win_64/winarm/armgcc/bin/../lib/gcc/arm-none-eabi/7.2.1/../../../../arm-none-eabi/lib/thumb/v7-m\libg_nano.a(lib_a-vsnprintf.o)
                0x08000e44                vsniprintf
                0x08000e44                vsnprintf
 .text.__ssputs_r
                0x08000e60       0xb4 b:/arm course/03- imt sdk/imt_sdk_win_64/winarm/armgcc/bin/../lib/gcc/arm-none-eabi/7.2.1/../../../../arm-none-eabi/lib/thumb/v7-m\libg_nano.a(lib_a-nano-svfprintf.o)
                0x08000e60                __ssputs_r
 .text._svfprintf_r
                0x08000f14      0x1ec b:/arm course/03- imt sdk/imt_sdk_win_64/winarm/armgcc/bin/../lib/gcc/arm-none-eabi/7.2.1/../../../../arm-none-eabi/lib/thumb/v7-m\libg_nano.a(lib_a-nano-svfprintf.o)
                0x08000f14                _svfiprintf_r
                0x08000f14                _svfprintf_r
 .text._printf_common
                0x08001100       0xec b:/arm course/03- imt sdk/imt_sdk_win_64/winarm/armgcc/bin/../lib/gcc/arm-none-eabi/7.2.1/../../../../arm-none-eabi/lib/thumb/v7-m\libg_nano.a(lib_a-nano-vfprintf_i.o)
                0x08001100                _printf_common
 .text._printf_i
                0x080011ec      0x224 b:/arm course/03- imt sdk/imt_sdk_win_64/winarm/armgcc/bin/../lib/gcc/arm-none-eabi/7.2.1/../../../../arm-none-eabi/lib/thumb/v7-m\libg_nano.a(lib_a-nano-vfprintf_i.o)
                0x080011ec                _printf_i
 .text.memchr   0x08001410       0x1c b:/arm course/03- imt sdk/imt_sdk_win_64/winarm/armgcc/bin/../lib/gcc/arm-none-eabi/7.2.1/../../../../arm-none-eabi/lib/thumb/v7-m\libg_nano.a(lib_a-memchr-stub.o)
                0x08001410                memchr
 .text.memcpy   0x0800142c       0x16 b:/arm course/03- imt sdk/imt_sdk_win_64/winarm/armgcc/bin/../lib/gcc/arm-none-eabi/7.2.1/../../../../arm-none-eabi/lib/thumb/v7-m\libg_nano.a(lib_a-memcpy-stub.o)
                0x0800142c                memcpy
 .text.memmove  0x08001442       0x32 b:/arm course/03- imt sdk/imt_sdk_win_64/winarm/armgcc/bin/../lib/gcc/arm-none-eabi/7.2.1/../../../../arm-none-eabi/lib/thumb/v7-m\libg_nano.a(lib_a-memmove.o)
                0x08001442                memmove
 .text._free_r  0x08001474       0x98 b:/arm course/03- imt sdk/imt_sdk_win_64/winarm/armgcc/bin/../lib/gcc/arm-none-eabi/7.2.1/../../../../arm-none-eabi/lib/thumb/v7-m\libg_nano.a(lib_a-nano-freer.o)
                0x08001474                _free_r
 .text._malloc_r
                0x0800150c       0xb4 b:/arm course/03- imt sdk/imt_sdk_win_64/winarm/armgcc/bin/../lib/gcc/arm-none-eabi/7.2.1/../../../../arm-none-eabi/lib/thumb/v7-m\libg_nano.a(lib_a-nano-mallocr.o)
                0x0800150c                _malloc_r
 .text._realloc_r
                0x080015c0       0x4c b:/arm course/03- imt sdk/imt_sdk_win_64/winarm/armgcc/bin/../lib/gcc/arm-none-eabi/7.2.1/../../../../arm-none-eabi/lib/thumb/v7-m\libg_nano.a(lib_a-nano-reallocr.o)
                0x080015c0                _realloc_r
 .text._sbrk_r  0x0800160c       0x20 b:/arm course/03- imt sdk/imt_sdk_win_64/winarm/armgcc/bin/../lib/gcc/arm-none-eabi/7.2.1/../../../../arm-none-eabi/lib/thumb/v7-m\libg_nano.a(lib_a-sbrkr.o)
                0x0800160c                _sbrk_r
 .text.__malloc_lock
                0x0800162c        0x2 b:/arm course/03- imt sdk/imt_sdk_win_64/winarm/armgcc/bin/../lib/gcc/arm-none-eabi/7.2.1/../../../../arm-none-eabi/lib/thumb/v7-m\libg_nano.a(lib_a-mlock.o)
                0x0800162c                __malloc_lock
 .text.__malloc_unlock
                0x0800162e        0x2 b:/arm course/03- imt sdk/imt_sdk_win_64/winarm/armgcc/bin/../lib/gcc/arm-none-eabi/7.2.1/../../../../arm-none-eabi/lib/thumb/v7-m\libg_nano.a(lib_a-mlock.o)
                0x0800162e                __malloc_unlock
 .text._malloc_usable_size_r
                0x08001630       0x10 b:/arm course/03- imt sdk/imt_sdk_win_64/winarm/armgcc/bin/../lib/gcc/arm-none-eabi/7.2.1/../../../../arm-none-eabi/lib/thumb/v7-m\libg_nano.a(lib_a-nano-msizer.o)
                0x08001630                _malloc_usable_size_r
 *(.rodata .rodata.* .constdata .constdata.*)
 .rodata.dumpExceptionStack.str1.4
                0x08001640      0x11a ./system/src/cortexm/exception_handlers.o
 *fill*         0x0800175a        0x2 
 .rodata.str1.4
                0x0800175c       0x2a ./system/src/cortexm/exception_handlers.o
 *fill*         0x08001786        0x2 
 .rodata.ESP8266_VidConnectToSrvTcp.str1.4
                0x08001788       0x17 ./src/ESP8266_PROG.o
                                 0x1b (size before relaxing)
 *fill*         0x0800179f        0x1 
 .rodata.ESP8266_VidConnectToWiFi.str1.4
                0x080017a0       0x10 ./src/ESP8266_PROG.o
                                 0x14 (size before relaxing)
 .rodata.ESP8266_VidInit.str1.4
                0x080017b0       0x27 ./src/ESP8266_PROG.o
 *fill*         0x080017d7        0x1 
 .rodata.ESP8266_VidSendHttpReq.str1.4
                0x080017d8       0x2d ./src/ESP8266_PROG.o
 *fill*         0x08001805        0x3 
 .rodata.ESP8266_u8ReceiveHttpReq.str1.4
                0x08001808       0x30 ./src/ESP8266_PROG.o
 .rodata.main.str1.4
                0x08001838       0x40 ./src/main.o
                                 0x53 (size before relaxing)
 .rodata._svfprintf_r.str1.1
                0x08001878       0x11 b:/arm course/03- imt sdk/imt_sdk_win_64/winarm/armgcc/bin/../lib/gcc/arm-none-eabi/7.2.1/../../../../arm-none-eabi/lib/thumb/v7-m\libg_nano.a(lib_a-nano-svfprintf.o)
 .rodata._printf_i.str1.1
                0x08001889       0x22 b:/arm course/03- imt sdk/imt_sdk_win_64/winarm/armgcc/bin/../lib/gcc/arm-none-eabi/7.2.1/../../../../arm-none-eabi/lib/thumb/v7-m\libg_nano.a(lib_a-nano-vfprintf_i.o)
 *(vtable)
 *(.eh_frame*)
 *(.glue_7)
 .glue_7        0x080018ab        0x0 linker stubs
 *(.glue_7t)
 .glue_7t       0x080018ab        0x0 linker stubs

.vfp11_veneer   0x080018ac        0x0
 .vfp11_veneer  0x080018ac        0x0 linker stubs

.v4_bx          0x080018ac        0x0
 .v4_bx         0x080018ac        0x0 linker stubs

.iplt           0x080018ac        0x0
 .iplt          0x080018ac        0x0 ./system/src/newlib/_exit.o

.rel.dyn        0x080018ac        0x0
 .rel.iplt      0x080018ac        0x0 ./system/src/newlib/_exit.o

.ARM.extab
 *(.ARM.extab* .gnu.linkonce.armextab.*)
                0x080018ac                . = ALIGN (0x4)
                0x080018ac                __exidx_start = .

.ARM.exidx
 *(.ARM.exidx* .gnu.linkonce.armexidx.*)
                0x080018ac                __exidx_end = .
                0x080018ac                . = ALIGN (0x4)
                0x080018ac                _etext = .
                0x080018ac                __etext = .

.data_CCMRAM    0x00000000        0x0 load address 0x080018ac
 FILL mask 0xff
 *(.data.CCMRAM .data.CCMRAM.*)
                0x00000000                . = ALIGN (0x4)
                0x080018ac                _sidata = LOADADDR (.data)

.data           0x20000000       0x88 load address 0x080018ac
 FILL mask 0xff
                0x20000000                _sdata = .
                0x20000000                __data_start__ = .
 *(.data_begin .data_begin.*)
 .data_begin    0x20000000        0x4 ./system/src/newlib/_startup.o
 *(.data .data.*)
 .data.argv.4310
                0x20000004        0x8 ./system/src/newlib/_syscalls.o
 .data.AHBPrescTable
                0x2000000c       0x10 ./system/src/cmsis/system_stm32f10x.o
                0x2000000c                AHBPrescTable
 .data.SystemCoreClock
                0x2000001c        0x4 ./system/src/cmsis/system_stm32f10x.o
                0x2000001c                SystemCoreClock
 .data._impure_ptr
                0x20000020        0x4 b:/arm course/03- imt sdk/imt_sdk_win_64/winarm/armgcc/bin/../lib/gcc/arm-none-eabi/7.2.1/../../../../arm-none-eabi/lib/thumb/v7-m\libg_nano.a(lib_a-impure.o)
                0x20000020                _impure_ptr
 .data.impure_data
                0x20000024       0x60 b:/arm course/03- imt sdk/imt_sdk_win_64/winarm/armgcc/bin/../lib/gcc/arm-none-eabi/7.2.1/../../../../arm-none-eabi/lib/thumb/v7-m\libg_nano.a(lib_a-impure.o)
 *(.data_end .data_end.*)
 .data_end      0x20000084        0x4 ./system/src/newlib/_startup.o
                0x20000088                . = ALIGN (0x4)
                0x20000088                _edata = .
                0x20000088                __data_end__ = .

.igot.plt       0x20000088        0x0 load address 0x08001934
 .igot.plt      0x20000088        0x0 ./system/src/newlib/_exit.o

.bss_CCMRAM     0x00000000        0x0
 *(.bss.CCMRAM .bss.CCMRAM.*)

.bss            0x20000088      0x174
                0x20000088                __bss_start__ = .
                0x20000088                _sbss = .
 *(.bss_begin .bss_begin.*)
 .bss_begin     0x20000088        0x4 ./system/src/newlib/_startup.o
 *(.bss .bss.*)
 .bss.current_heap_end.3961
                0x2000008c        0x4 ./system/src/newlib/_sbrk.o
 .bss.name.4309
                0x20000090        0x1 ./system/src/newlib/_syscalls.o
 *fill*         0x20000091        0x3 
 .bss.buf.5205  0x20000094       0x80 ./system/src/diag/Trace.o
 .bss.Iterator  0x20000114        0x1 ./src/ESP8266_PROG.o
                0x20000114                Iterator
 *fill*         0x20000115        0x3 
 .bss.SYSTICK_CallBack
                0x20000118        0x4 ./src/SYSTICK_PROG.o
 .bss.SYSTICK_u8ModeOfInterval
                0x2000011c        0x1 ./src/SYSTICK_PROG.o
 *fill*         0x2000011d        0x3 
 .bss.__malloc_free_list
                0x20000120        0x4 b:/arm course/03- imt sdk/imt_sdk_win_64/winarm/armgcc/bin/../lib/gcc/arm-none-eabi/7.2.1/../../../../arm-none-eabi/lib/thumb/v7-m\libg_nano.a(lib_a-nano-mallocr.o)
                0x20000120                __malloc_free_list
 .bss.__malloc_sbrk_start
                0x20000124        0x4 b:/arm course/03- imt sdk/imt_sdk_win_64/winarm/armgcc/bin/../lib/gcc/arm-none-eabi/7.2.1/../../../../arm-none-eabi/lib/thumb/v7-m\libg_nano.a(lib_a-nano-mallocr.o)
                0x20000124                __malloc_sbrk_start
 *(COMMON)
 COMMON         0x20000128        0x4 ./system/src/newlib/_syscalls.o
                0x20000128                errno
 COMMON         0x2000012c       0xc8 ./src/ESP8266_PROG.o
                0x2000012c                DataCome
 COMMON         0x200001f4        0x4 ./src/UART_PROG.o
                0x200001f4                USART1_CallBack
 *(.bss_end .bss_end.*)
 .bss_end       0x200001f8        0x4 ./system/src/newlib/_startup.o
                0x200001fc                . = ALIGN (0x4)
                0x200001fc                __bss_end__ = .
                0x200001fc                _ebss = .

.noinit_CCMRAM
 *(.noinit.CCMRAM .noinit.CCMRAM.*)

.noinit         0x200001fc        0x0
                0x200001fc                _noinit = .
 *(.noinit .noinit.*)
                0x200001fc                . = ALIGN (0x4)
                0x200001fc                _end_noinit = .
                [!provide]                PROVIDE (end, _end_noinit)
                [!provide]                PROVIDE (_end, _end_noinit)
                [!provide]                PROVIDE (__end, _end_noinit)
                [!provide]                PROVIDE (__end__, _end_noinit)

._check_stack   0x200001fc      0x100
                0x200002fc                . = (. + _Minimum_Stack_Size)
 *fill*         0x200001fc      0x100 

.b1text
 *(.b1text)
 *(.b1rodata)
 *(.b1rodata.*)

.eb0text
 *(.eb0text)
 *(.eb0rodata)
 *(.eb0rodata.*)

.eb1text
 *(.eb1text)
 *(.eb1rodata)
 *(.eb1rodata.*)

.eb2text
 *(.eb2text)
 *(.eb2rodata)
 *(.eb2rodata.*)

.eb3text
 *(.eb3text)
 *(.eb3rodata)
 *(.eb3rodata.*)

.stab
 *(.stab)

.stabstr
 *(.stabstr)

.stab.excl
 *(.stab.excl)

.stab.exclstr
 *(.stab.exclstr)

.stab.index
 *(.stab.index)

.stab.indexstr
 *(.stab.indexstr)

.comment        0x00000000       0x7e
 *(.comment)
 .comment       0x00000000       0x7e ./system/src/newlib/_exit.o
                                 0x7f (size before relaxing)
 .comment       0x0000007e       0x7f ./system/src/newlib/_sbrk.o
 .comment       0x0000007e       0x7f ./system/src/newlib/_startup.o
 .comment       0x0000007e       0x7f ./system/src/newlib/_syscalls.o
 .comment       0x0000007e       0x7f ./system/src/diag/Trace.o
 .comment       0x0000007e       0x7f ./system/src/diag/trace_impl.o
 .comment       0x0000007e       0x7f ./system/src/cortexm/_initialize_hardware.o
 .comment       0x0000007e       0x7f ./system/src/cortexm/exception_handlers.o
 .comment       0x0000007e       0x7f ./system/src/cmsis/system_stm32f10x.o
 .comment       0x0000007e       0x7f ./system/src/cmsis/vectors_stm32f10x.o
 .comment       0x0000007e       0x7f ./src/ESP8266_PROG.o
 .comment       0x0000007e       0x7f ./src/GPIO_PROG.o
 .comment       0x0000007e       0x7f ./src/NVIC_PROG.o
 .comment       0x0000007e       0x7f ./src/RCC_PROG.o
 .comment       0x0000007e       0x7f ./src/SYSTICK_PROG.o
 .comment       0x0000007e       0x7f ./src/UART_PROG.o
 .comment       0x0000007e       0x7f ./src/main.o

.ARM.attributes
                0x00000000       0x31
 .ARM.attributes
                0x00000000       0x33 ./system/src/newlib/_exit.o
 .ARM.attributes
                0x00000033       0x33 ./system/src/newlib/_sbrk.o
 .ARM.attributes
                0x00000066       0x33 ./system/src/newlib/_startup.o
 .ARM.attributes
                0x00000099       0x33 ./system/src/newlib/_syscalls.o
 .ARM.attributes
                0x000000cc       0x33 ./system/src/diag/Trace.o
 .ARM.attributes
                0x000000ff       0x33 ./system/src/diag/trace_impl.o
 .ARM.attributes
                0x00000132       0x33 ./system/src/cortexm/_initialize_hardware.o
 .ARM.attributes
                0x00000165       0x33 ./system/src/cortexm/exception_handlers.o
 .ARM.attributes
                0x00000198       0x33 ./system/src/cmsis/system_stm32f10x.o
 .ARM.attributes
                0x000001cb       0x33 ./system/src/cmsis/vectors_stm32f10x.o
 .ARM.attributes
                0x000001fe       0x33 ./src/ESP8266_PROG.o
 .ARM.attributes
                0x00000231       0x33 ./src/GPIO_PROG.o
 .ARM.attributes
                0x00000264       0x33 ./src/NVIC_PROG.o
 .ARM.attributes
                0x00000297       0x33 ./src/RCC_PROG.o
 .ARM.attributes
                0x000002ca       0x33 ./src/SYSTICK_PROG.o
 .ARM.attributes
                0x000002fd       0x33 ./src/UART_PROG.o
 .ARM.attributes
                0x00000330       0x33 ./src/main.o
 .ARM.attributes
                0x00000363       0x2d b:/arm course/03- imt sdk/imt_sdk_win_64/winarm/armgcc/bin/../lib/gcc/arm-none-eabi/7.2.1/../../../../arm-none-eabi/lib/thumb/v7-m\libg_nano.a(lib_a-errno.o)
 .ARM.attributes
                0x00000390       0x2d b:/arm course/03- imt sdk/imt_sdk_win_64/winarm/armgcc/bin/../lib/gcc/arm-none-eabi/7.2.1/../../../../arm-none-eabi/lib/thumb/v7-m\libg_nano.a(lib_a-impure.o)
 .ARM.attributes
                0x000003bd       0x2d b:/arm course/03- imt sdk/imt_sdk_win_64/winarm/armgcc/bin/../lib/gcc/arm-none-eabi/7.2.1/../../../../arm-none-eabi/lib/thumb/v7-m\libg_nano.a(lib_a-vsnprintf.o)
 .ARM.attributes
                0x000003ea       0x2d b:/arm course/03- imt sdk/imt_sdk_win_64/winarm/armgcc/bin/../lib/gcc/arm-none-eabi/7.2.1/../../../../arm-none-eabi/lib/thumb/v7-m\libg_nano.a(lib_a-nano-svfprintf.o)
 .ARM.attributes
                0x00000417       0x2d b:/arm course/03- imt sdk/imt_sdk_win_64/winarm/armgcc/bin/../lib/gcc/arm-none-eabi/7.2.1/../../../../arm-none-eabi/lib/thumb/v7-m\libg_nano.a(lib_a-nano-vfprintf_i.o)
 .ARM.attributes
                0x00000444       0x2d b:/arm course/03- imt sdk/imt_sdk_win_64/winarm/armgcc/bin/../lib/gcc/arm-none-eabi/7.2.1/../../../../arm-none-eabi/lib/thumb/v7-m\libg_nano.a(lib_a-memchr-stub.o)
 .ARM.attributes
                0x00000471       0x2d b:/arm course/03- imt sdk/imt_sdk_win_64/winarm/armgcc/bin/../lib/gcc/arm-none-eabi/7.2.1/../../../../arm-none-eabi/lib/thumb/v7-m\libg_nano.a(lib_a-memcpy-stub.o)
 .ARM.attributes
                0x0000049e       0x2d b:/arm course/03- imt sdk/imt_sdk_win_64/winarm/armgcc/bin/../lib/gcc/arm-none-eabi/7.2.1/../../../../arm-none-eabi/lib/thumb/v7-m\libg_nano.a(lib_a-memmove.o)
 .ARM.attributes
                0x000004cb       0x2d b:/arm course/03- imt sdk/imt_sdk_win_64/winarm/armgcc/bin/../lib/gcc/arm-none-eabi/7.2.1/../../../../arm-none-eabi/lib/thumb/v7-m\libg_nano.a(lib_a-nano-freer.o)
 .ARM.attributes
                0x000004f8       0x2d b:/arm course/03- imt sdk/imt_sdk_win_64/winarm/armgcc/bin/../lib/gcc/arm-none-eabi/7.2.1/../../../../arm-none-eabi/lib/thumb/v7-m\libg_nano.a(lib_a-nano-mallocr.o)
 .ARM.attributes
                0x00000525       0x2d b:/arm course/03- imt sdk/imt_sdk_win_64/winarm/armgcc/bin/../lib/gcc/arm-none-eabi/7.2.1/../../../../arm-none-eabi/lib/thumb/v7-m\libg_nano.a(lib_a-nano-reallocr.o)
 .ARM.attributes
                0x00000552       0x2d b:/arm course/03- imt sdk/imt_sdk_win_64/winarm/armgcc/bin/../lib/gcc/arm-none-eabi/7.2.1/../../../../arm-none-eabi/lib/thumb/v7-m\libg_nano.a(lib_a-sbrkr.o)
 .ARM.attributes
                0x0000057f       0x2d b:/arm course/03- imt sdk/imt_sdk_win_64/winarm/armgcc/bin/../lib/gcc/arm-none-eabi/7.2.1/../../../../arm-none-eabi/lib/thumb/v7-m\libg_nano.a(lib_a-mlock.o)
 .ARM.attributes
                0x000005ac       0x2d b:/arm course/03- imt sdk/imt_sdk_win_64/winarm/armgcc/bin/../lib/gcc/arm-none-eabi/7.2.1/../../../../arm-none-eabi/lib/thumb/v7-m\libg_nano.a(lib_a-nano-msizer.o)

.debug
 *(.debug)

.line
 *(.line)

.debug_srcinfo
 *(.debug_srcinfo)

.debug_sfnames
 *(.debug_sfnames)

.debug_aranges  0x00000000      0x470
 *(.debug_aranges)
 .debug_aranges
                0x00000000       0x28 ./system/src/newlib/_exit.o
 .debug_aranges
                0x00000028       0x20 ./system/src/newlib/_sbrk.o
 .debug_aranges
                0x00000048       0x40 ./system/src/newlib/_startup.o
 .debug_aranges
                0x00000088       0x30 ./system/src/newlib/_syscalls.o
 .debug_aranges
                0x000000b8       0x38 ./system/src/diag/Trace.o
 .debug_aranges
                0x000000f0       0x30 ./system/src/diag/trace_impl.o
 .debug_aranges
                0x00000120       0x28 ./system/src/cortexm/_initialize_hardware.o
 .debug_aranges
                0x00000148       0x90 ./system/src/cortexm/exception_handlers.o
 .debug_aranges
                0x000001d8       0x38 ./system/src/cmsis/system_stm32f10x.o
 .debug_aranges
                0x00000210       0x20 ./system/src/cmsis/vectors_stm32f10x.o
 .debug_aranges
                0x00000230       0x50 ./src/ESP8266_PROG.o
 .debug_aranges
                0x00000280       0x70 ./src/GPIO_PROG.o
 .debug_aranges
                0x000002f0       0x50 ./src/NVIC_PROG.o
 .debug_aranges
                0x00000340       0x38 ./src/RCC_PROG.o
 .debug_aranges
                0x00000378       0x78 ./src/SYSTICK_PROG.o
 .debug_aranges
                0x000003f0       0x60 ./src/UART_PROG.o
 .debug_aranges
                0x00000450       0x20 ./src/main.o

.debug_pubnames
 *(.debug_pubnames)

.debug_info     0x00000000     0x5fb8
 *(.debug_info .gnu.linkonce.wi.*)
 .debug_info    0x00000000      0x956 ./system/src/newlib/_exit.o
 .debug_info    0x00000956      0x942 ./system/src/newlib/_sbrk.o
 .debug_info    0x00001298      0x42e ./system/src/newlib/_startup.o
 .debug_info    0x000016c6      0xa19 ./system/src/newlib/_syscalls.o
 .debug_info    0x000020df      0xb2a ./system/src/diag/Trace.o
 .debug_info    0x00002c09      0x363 ./system/src/diag/trace_impl.o
 .debug_info    0x00002f6c      0x2b5 ./system/src/cortexm/_initialize_hardware.o
 .debug_info    0x00003221     0x1140 ./system/src/cortexm/exception_handlers.o
 .debug_info    0x00004361      0x494 ./system/src/cmsis/system_stm32f10x.o
 .debug_info    0x000047f5       0xca ./system/src/cmsis/vectors_stm32f10x.o
 .debug_info    0x000048bf      0x5cc ./src/ESP8266_PROG.o
 .debug_info    0x00004e8b      0x49a ./src/GPIO_PROG.o
 .debug_info    0x00005325      0x2ab ./src/NVIC_PROG.o
 .debug_info    0x000055d0      0x25f ./src/RCC_PROG.o
 .debug_info    0x0000582f      0x2e2 ./src/SYSTICK_PROG.o
 .debug_info    0x00005b11      0x263 ./src/UART_PROG.o
 .debug_info    0x00005d74      0x244 ./src/main.o

.debug_abbrev   0x00000000     0x19d4
 *(.debug_abbrev)
 .debug_abbrev  0x00000000      0x1f3 ./system/src/newlib/_exit.o
 .debug_abbrev  0x000001f3      0x1fc ./system/src/newlib/_sbrk.o
 .debug_abbrev  0x000003ef      0x1b3 ./system/src/newlib/_startup.o
 .debug_abbrev  0x000005a2      0x234 ./system/src/newlib/_syscalls.o
 .debug_abbrev  0x000007d6      0x276 ./system/src/diag/Trace.o
 .debug_abbrev  0x00000a4c      0x1e2 ./system/src/diag/trace_impl.o
 .debug_abbrev  0x00000c2e       0xea ./system/src/cortexm/_initialize_hardware.o
 .debug_abbrev  0x00000d18      0x32b ./system/src/cortexm/exception_handlers.o
 .debug_abbrev  0x00001043      0x177 ./system/src/cmsis/system_stm32f10x.o
 .debug_abbrev  0x000011ba       0x9d ./system/src/cmsis/vectors_stm32f10x.o
 .debug_abbrev  0x00001257      0x10a ./src/ESP8266_PROG.o
 .debug_abbrev  0x00001361      0x142 ./src/GPIO_PROG.o
 .debug_abbrev  0x000014a3       0x90 ./src/NVIC_PROG.o
 .debug_abbrev  0x00001533       0xdf ./src/RCC_PROG.o
 .debug_abbrev  0x00001612      0x17d ./src/SYSTICK_PROG.o
 .debug_abbrev  0x0000178f      0x190 ./src/UART_PROG.o
 .debug_abbrev  0x0000191f       0xb5 ./src/main.o

.debug_line     0x00000000     0x2df6
 *(.debug_line)
 .debug_line    0x00000000      0x353 ./system/src/newlib/_exit.o
 .debug_line    0x00000353      0x307 ./system/src/newlib/_sbrk.o
 .debug_line    0x0000065a      0x3c1 ./system/src/newlib/_startup.o
 .debug_line    0x00000a1b      0x41e ./system/src/newlib/_syscalls.o
 .debug_line    0x00000e39      0x3cf ./system/src/diag/Trace.o
 .debug_line    0x00001208      0x440 ./system/src/diag/trace_impl.o
 .debug_line    0x00001648      0x179 ./system/src/cortexm/_initialize_hardware.o
 .debug_line    0x000017c1      0x502 ./system/src/cortexm/exception_handlers.o
 .debug_line    0x00001cc3      0x1ec ./system/src/cmsis/system_stm32f10x.o
 .debug_line    0x00001eaf      0x101 ./system/src/cmsis/vectors_stm32f10x.o
 .debug_line    0x00001fb0      0x1fd ./src/ESP8266_PROG.o
 .debug_line    0x000021ad      0x35f ./src/GPIO_PROG.o
 .debug_line    0x0000250c      0x14a ./src/NVIC_PROG.o
 .debug_line    0x00002656      0x199 ./src/RCC_PROG.o
 .debug_line    0x000027ef      0x1cc ./src/SYSTICK_PROG.o
 .debug_line    0x000029bb      0x1f3 ./src/UART_PROG.o
 .debug_line    0x00002bae      0x248 ./src/main.o

.debug_frame    0x00000000      0xbdc
 *(.debug_frame)
 .debug_frame   0x00000000       0x38 ./system/src/newlib/_exit.o
 .debug_frame   0x00000038       0x28 ./system/src/newlib/_sbrk.o
 .debug_frame   0x00000060       0x7c ./system/src/newlib/_startup.o
 .debug_frame   0x000000dc       0x50 ./system/src/newlib/_syscalls.o
 .debug_frame   0x0000012c       0x94 ./system/src/diag/Trace.o
 .debug_frame   0x000001c0       0x64 ./system/src/diag/trace_impl.o
 .debug_frame   0x00000224       0x40 ./system/src/cortexm/_initialize_hardware.o
 .debug_frame   0x00000264      0x158 ./system/src/cortexm/exception_handlers.o
 .debug_frame   0x000003bc       0x6c ./system/src/cmsis/system_stm32f10x.o
 .debug_frame   0x00000428       0x20 ./system/src/cmsis/vectors_stm32f10x.o
 .debug_frame   0x00000448       0xc4 ./src/ESP8266_PROG.o
 .debug_frame   0x0000050c      0x140 ./src/GPIO_PROG.o
 .debug_frame   0x0000064c       0x80 ./src/NVIC_PROG.o
 .debug_frame   0x000006cc       0x58 ./src/RCC_PROG.o
 .debug_frame   0x00000724       0xe4 ./src/SYSTICK_PROG.o
 .debug_frame   0x00000808       0xbc ./src/UART_PROG.o
 .debug_frame   0x000008c4       0x28 ./src/main.o
 .debug_frame   0x000008ec       0x20 b:/arm course/03- imt sdk/imt_sdk_win_64/winarm/armgcc/bin/../lib/gcc/arm-none-eabi/7.2.1/../../../../arm-none-eabi/lib/thumb/v7-m\libg_nano.a(lib_a-errno.o)
 .debug_frame   0x0000090c       0x4c b:/arm course/03- imt sdk/imt_sdk_win_64/winarm/armgcc/bin/../lib/gcc/arm-none-eabi/7.2.1/../../../../arm-none-eabi/lib/thumb/v7-m\libg_nano.a(lib_a-vsnprintf.o)
 .debug_frame   0x00000958       0x90 b:/arm course/03- imt sdk/imt_sdk_win_64/winarm/armgcc/bin/../lib/gcc/arm-none-eabi/7.2.1/../../../../arm-none-eabi/lib/thumb/v7-m\libg_nano.a(lib_a-nano-svfprintf.o)
 .debug_frame   0x000009e8       0x60 b:/arm course/03- imt sdk/imt_sdk_win_64/winarm/armgcc/bin/../lib/gcc/arm-none-eabi/7.2.1/../../../../arm-none-eabi/lib/thumb/v7-m\libg_nano.a(lib_a-nano-vfprintf_i.o)
 .debug_frame   0x00000a48       0x28 b:/arm course/03- imt sdk/imt_sdk_win_64/winarm/armgcc/bin/../lib/gcc/arm-none-eabi/7.2.1/../../../../arm-none-eabi/lib/thumb/v7-m\libg_nano.a(lib_a-memchr-stub.o)
 .debug_frame   0x00000a70       0x28 b:/arm course/03- imt sdk/imt_sdk_win_64/winarm/armgcc/bin/../lib/gcc/arm-none-eabi/7.2.1/../../../../arm-none-eabi/lib/thumb/v7-m\libg_nano.a(lib_a-memcpy-stub.o)
 .debug_frame   0x00000a98       0x28 b:/arm course/03- imt sdk/imt_sdk_win_64/winarm/armgcc/bin/../lib/gcc/arm-none-eabi/7.2.1/../../../../arm-none-eabi/lib/thumb/v7-m\libg_nano.a(lib_a-memmove.o)
 .debug_frame   0x00000ac0       0x38 b:/arm course/03- imt sdk/imt_sdk_win_64/winarm/armgcc/bin/../lib/gcc/arm-none-eabi/7.2.1/../../../../arm-none-eabi/lib/thumb/v7-m\libg_nano.a(lib_a-nano-freer.o)
 .debug_frame   0x00000af8       0x2c b:/arm course/03- imt sdk/imt_sdk_win_64/winarm/armgcc/bin/../lib/gcc/arm-none-eabi/7.2.1/../../../../arm-none-eabi/lib/thumb/v7-m\libg_nano.a(lib_a-nano-mallocr.o)
 .debug_frame   0x00000b24       0x3c b:/arm course/03- imt sdk/imt_sdk_win_64/winarm/armgcc/bin/../lib/gcc/arm-none-eabi/7.2.1/../../../../arm-none-eabi/lib/thumb/v7-m\libg_nano.a(lib_a-nano-reallocr.o)
 .debug_frame   0x00000b60       0x2c b:/arm course/03- imt sdk/imt_sdk_win_64/winarm/armgcc/bin/../lib/gcc/arm-none-eabi/7.2.1/../../../../arm-none-eabi/lib/thumb/v7-m\libg_nano.a(lib_a-sbrkr.o)
 .debug_frame   0x00000b8c       0x30 b:/arm course/03- imt sdk/imt_sdk_win_64/winarm/armgcc/bin/../lib/gcc/arm-none-eabi/7.2.1/../../../../arm-none-eabi/lib/thumb/v7-m\libg_nano.a(lib_a-mlock.o)
 .debug_frame   0x00000bbc       0x20 b:/arm course/03- imt sdk/imt_sdk_win_64/winarm/armgcc/bin/../lib/gcc/arm-none-eabi/7.2.1/../../../../arm-none-eabi/lib/thumb/v7-m\libg_nano.a(lib_a-nano-msizer.o)

.debug_str      0x00000000    0x3c028
 *(.debug_str)
 .debug_str     0x00000000     0x7cfe ./system/src/newlib/_exit.o
                               0x7ed1 (size before relaxing)
 .debug_str     0x00007cfe      0x4f5 ./system/src/newlib/_sbrk.o
                               0x7283 (size before relaxing)
 .debug_str     0x000081f3      0xbb8 ./system/src/newlib/_startup.o
                               0x69be (size before relaxing)
 .debug_str     0x00008dab      0xe8b ./system/src/newlib/_syscalls.o
                               0x815e (size before relaxing)
 .debug_str     0x00009c36      0x826 ./system/src/diag/Trace.o
                               0x8649 (size before relaxing)
 .debug_str     0x0000a45c    0x2fec8 ./system/src/diag/trace_impl.o
                              0x3763e (size before relaxing)
 .debug_str     0x0003a324       0xc4 ./system/src/cortexm/_initialize_hardware.o
                              0x3342f (size before relaxing)
 .debug_str     0x0003a3e8      0x1a6 ./system/src/cortexm/exception_handlers.o
                              0x38863 (size before relaxing)
 .debug_str     0x0003a58e       0xe1 ./system/src/cmsis/system_stm32f10x.o
                              0x334c9 (size before relaxing)
 .debug_str     0x0003a66f       0x57 ./system/src/cmsis/vectors_stm32f10x.o
                               0x385f (size before relaxing)
 .debug_str     0x0003a6c6      0x712 ./src/ESP8266_PROG.o
                               0x3496 (size before relaxing)
 .debug_str     0x0003add8      0x84c ./src/GPIO_PROG.o
                               0x3783 (size before relaxing)
 .debug_str     0x0003b624      0x55b ./src/NVIC_PROG.o
                               0x34a9 (size before relaxing)
 .debug_str     0x0003bb7f      0x1c4 ./src/RCC_PROG.o
                               0x33a3 (size before relaxing)
 .debug_str     0x0003bd43      0x1c9 ./src/SYSTICK_PROG.o
                               0x32d6 (size before relaxing)
 .debug_str     0x0003bf0c      0x103 ./src/UART_PROG.o
                               0x35f5 (size before relaxing)
 .debug_str     0x0003c00f       0x19 ./src/main.o
                               0x3e20 (size before relaxing)

.debug_loc      0x00000000     0x2090
 *(.debug_loc)
 .debug_loc     0x00000000       0x85 ./system/src/newlib/_sbrk.o
 .debug_loc     0x00000085      0x1a9 ./system/src/newlib/_startup.o
 .debug_loc     0x0000022e       0x63 ./system/src/newlib/_syscalls.o
 .debug_loc     0x00000291       0xf6 ./system/src/diag/Trace.o
 .debug_loc     0x00000387      0x121 ./system/src/diag/trace_impl.o
 .debug_loc     0x000004a8      0x291 ./system/src/cortexm/exception_handlers.o
 .debug_loc     0x00000739       0xdf ./system/src/cmsis/system_stm32f10x.o
 .debug_loc     0x00000818      0x1b6 ./src/ESP8266_PROG.o
 .debug_loc     0x000009ce      0xc30 ./src/GPIO_PROG.o
 .debug_loc     0x000015fe      0x34f ./src/NVIC_PROG.o
 .debug_loc     0x0000194d      0x4fa ./src/RCC_PROG.o
 .debug_loc     0x00001e47      0x147 ./src/SYSTICK_PROG.o
 .debug_loc     0x00001f8e       0xe3 ./src/UART_PROG.o
 .debug_loc     0x00002071       0x1f ./src/main.o

.debug_macinfo
 *(.debug_macinfo)

.debug_weaknames
 *(.debug_weaknames)

.debug_funcnames
 *(.debug_funcnames)

.debug_typenames
 *(.debug_typenames)

.debug_varnames
 *(.debug_varnames)
OUTPUT(Wifi_Module.elf elf32-littlearm)

.debug_ranges   0x00000000      0x3d8
 .debug_ranges  0x00000000       0x18 ./system/src/newlib/_exit.o
 .debug_ranges  0x00000018       0x10 ./system/src/newlib/_sbrk.o
 .debug_ranges  0x00000028       0x78 ./system/src/newlib/_startup.o
 .debug_ranges  0x000000a0       0x20 ./system/src/newlib/_syscalls.o
 .debug_ranges  0x000000c0       0x28 ./system/src/diag/Trace.o
 .debug_ranges  0x000000e8       0x50 ./system/src/diag/trace_impl.o
 .debug_ranges  0x00000138       0x18 ./system/src/cortexm/_initialize_hardware.o
 .debug_ranges  0x00000150       0x80 ./system/src/cortexm/exception_handlers.o
 .debug_ranges  0x000001d0       0x28 ./system/src/cmsis/system_stm32f10x.o
 .debug_ranges  0x000001f8       0x10 ./system/src/cmsis/vectors_stm32f10x.o
 .debug_ranges  0x00000208       0x40 ./src/ESP8266_PROG.o
 .debug_ranges  0x00000248       0x60 ./src/GPIO_PROG.o
 .debug_ranges  0x000002a8       0x40 ./src/NVIC_PROG.o
 .debug_ranges  0x000002e8       0x28 ./src/RCC_PROG.o
 .debug_ranges  0x00000310       0x68 ./src/SYSTICK_PROG.o
 .debug_ranges  0x00000378       0x50 ./src/UART_PROG.o
 .debug_ranges  0x000003c8       0x10 ./src/main.o

.debug_macro    0x00000000     0x2ba7
 .debug_macro   0x00000000      0x1b4 ./system/src/newlib/_exit.o
 .debug_macro   0x000001b4       0x9c ./system/src/newlib/_exit.o
 .debug_macro   0x00000250      0x10e ./system/src/newlib/_exit.o
 .debug_macro   0x0000035e       0x8d ./system/src/newlib/_exit.o
 .debug_macro   0x000003eb       0x43 ./system/src/newlib/_exit.o
 .debug_macro   0x0000042e      0x330 ./system/src/newlib/_exit.o
 .debug_macro   0x0000075e       0x35 ./system/src/newlib/_exit.o
 .debug_macro   0x00000793      0x169 ./system/src/newlib/_sbrk.o
 .debug_macro   0x000008fc      0x174 ./system/src/newlib/_sbrk.o
 .debug_macro   0x00000a70       0x10 ./system/src/newlib/_sbrk.o
 .debug_macro   0x00000a80      0x23b ./system/src/newlib/_sbrk.o
 .debug_macro   0x00000cbb      0x173 ./system/src/newlib/_startup.o
 .debug_macro   0x00000e2e      0x217 ./system/src/newlib/_syscalls.o
 .debug_macro   0x00001045       0x1c ./system/src/newlib/_syscalls.o
 .debug_macro   0x00001061       0x10 ./system/src/newlib/_syscalls.o
 .debug_macro   0x00001071       0x10 ./system/src/newlib/_syscalls.o
 .debug_macro   0x00001081       0x10 ./system/src/newlib/_syscalls.o
 .debug_macro   0x00001091       0x35 ./system/src/newlib/_syscalls.o
 .debug_macro   0x000010c6      0x122 ./system/src/newlib/_syscalls.o
 .debug_macro   0x000011e8       0x88 ./system/src/newlib/_syscalls.o
 .debug_macro   0x00001270       0x2b ./system/src/newlib/_syscalls.o
 .debug_macro   0x0000129b      0x118 ./system/src/newlib/_syscalls.o
 .debug_macro   0x000013b3      0x189 ./system/src/newlib/_syscalls.o
 .debug_macro   0x0000153c       0x16 ./system/src/newlib/_syscalls.o
 .debug_macro   0x00001552      0x1fb ./system/src/diag/Trace.o
 .debug_macro   0x0000174d       0x16 ./system/src/diag/Trace.o
 .debug_macro   0x00001763       0x97 ./system/src/diag/Trace.o
 .debug_macro   0x000017fa       0xfd ./system/src/diag/Trace.o
 .debug_macro   0x000018f7       0x10 ./system/src/diag/Trace.o
 .debug_macro   0x00001907       0x16 ./system/src/diag/Trace.o
 .debug_macro   0x0000191d      0x16f ./system/src/diag/Trace.o
 .debug_macro   0x00001a8c       0x4c ./system/src/diag/Trace.o
 .debug_macro   0x00001ad8       0x16 ./system/src/diag/Trace.o
 .debug_macro   0x00001aee      0x1ea ./system/src/diag/trace_impl.o
 .debug_macro   0x00001cd8       0x10 ./system/src/diag/trace_impl.o
 .debug_macro   0x00001ce8       0xcf ./system/src/diag/trace_impl.o
 .debug_macro   0x00001db7       0xbe ./system/src/diag/trace_impl.o
 .debug_macro   0x00001e75       0x22 ./system/src/diag/trace_impl.o
 .debug_macro   0x00001e97       0x7b ./system/src/cortexm/_initialize_hardware.o
 .debug_macro   0x00001f12      0x234 ./system/src/cortexm/exception_handlers.o
 .debug_macro   0x00002146       0x3b ./system/src/cortexm/exception_handlers.o
 .debug_macro   0x00002181       0x10 ./system/src/cortexm/exception_handlers.o
 .debug_macro   0x00002191       0x7e ./system/src/cmsis/system_stm32f10x.o
 .debug_macro   0x0000220f       0x34 ./system/src/cmsis/vectors_stm32f10x.o
 .debug_macro   0x00002243       0x78 ./src/ESP8266_PROG.o
 .debug_macro   0x000022bb       0x34 ./src/ESP8266_PROG.o
 .debug_macro   0x000022ef       0x34 ./src/ESP8266_PROG.o
 .debug_macro   0x00002323       0x3a ./src/ESP8266_PROG.o
 .debug_macro   0x0000235d       0x69 ./src/ESP8266_PROG.o
 .debug_macro   0x000023c6       0x60 ./src/ESP8266_PROG.o
 .debug_macro   0x00002426       0x4c ./src/ESP8266_PROG.o
 .debug_macro   0x00002472       0x1c ./src/ESP8266_PROG.o
 .debug_macro   0x0000248e       0x65 ./src/GPIO_PROG.o
 .debug_macro   0x000024f3      0x145 ./src/GPIO_PROG.o
 .debug_macro   0x00002638      0x15a ./src/GPIO_PROG.o
 .debug_macro   0x00002792       0x4a ./src/NVIC_PROG.o
 .debug_macro   0x000027dc      0x1ae ./src/NVIC_PROG.o
 .debug_macro   0x0000298a       0x5b ./src/RCC_PROG.o
 .debug_macro   0x000029e5       0x40 ./src/RCC_PROG.o
 .debug_macro   0x00002a25       0x53 ./src/SYSTICK_PROG.o
 .debug_macro   0x00002a78       0x76 ./src/UART_PROG.o
 .debug_macro   0x00002aee       0xb9 ./src/main.o
